/home/ultralytics/vision-ws/src/ultralytics-ros/ultralytics_ros/install/ultralytics_ros/lib/python3.10/site-packages/ultralytics_ros/region_detector.py
/home/ultralytics/vision-ws/src/ultralytics-ros/ultralytics_ros/install/ultralytics_ros/lib/python3.10/site-packages/ultralytics_ros/__init__.py
/home/ultralytics/vision-ws/src/ultralytics-ros/ultralytics_ros/install/ultralytics_ros/lib/python3.10/site-packages/ultralytics_ros/test.py
/home/ultralytics/vision-ws/src/ultralytics-ros/ultralytics_ros/install/ultralytics_ros/lib/python3.10/site-packages/ultralytics_ros/yolo_all.py
/home/ultralytics/vision-ws/src/ultralytics-ros/ultralytics_ros/install/ultralytics_ros/lib/python3.10/site-packages/ultralytics_ros/yolo_node_nopub.py
/home/ultralytics/vision-ws/src/ultralytics-ros/ultralytics_ros/install/ultralytics_ros/lib/python3.10/site-packages/ultralytics_ros/yolo_multi_node.py
/home/ultralytics/vision-ws/src/ultralytics-ros/ultralytics_ros/install/ultralytics_ros/lib/python3.10/site-packages/ultralytics_ros/importClass/__init__.py
/home/ultralytics/vision-ws/src/ultralytics-ros/ultralytics_ros/install/ultralytics_ros/lib/python3.10/site-packages/ultralytics_ros/importClass/tf_transform.py
/home/ultralytics/vision-ws/src/ultralytics-ros/ultralytics_ros/install/ultralytics_ros/lib/python3.10/site-packages/ultralytics_ros/importClass/angle.py
/home/ultralytics/vision-ws/src/ultralytics-ros/ultralytics_ros/install/ultralytics_ros/lib/python3.10/site-packages/ultralytics_ros/__pycache__/region_detector.cpython-310.pyc
/home/ultralytics/vision-ws/src/ultralytics-ros/ultralytics_ros/install/ultralytics_ros/lib/python3.10/site-packages/ultralytics_ros/__pycache__/__init__.cpython-310.pyc
/home/ultralytics/vision-ws/src/ultralytics-ros/ultralytics_ros/install/ultralytics_ros/lib/python3.10/site-packages/ultralytics_ros/__pycache__/test.cpython-310.pyc
/home/ultralytics/vision-ws/src/ultralytics-ros/ultralytics_ros/install/ultralytics_ros/lib/python3.10/site-packages/ultralytics_ros/__pycache__/yolo_all.cpython-310.pyc
/home/ultralytics/vision-ws/src/ultralytics-ros/ultralytics_ros/install/ultralytics_ros/lib/python3.10/site-packages/ultralytics_ros/__pycache__/yolo_node_nopub.cpython-310.pyc
/home/ultralytics/vision-ws/src/ultralytics-ros/ultralytics_ros/install/ultralytics_ros/lib/python3.10/site-packages/ultralytics_ros/__pycache__/yolo_multi_node.cpython-310.pyc
/home/ultralytics/vision-ws/src/ultralytics-ros/ultralytics_ros/install/ultralytics_ros/lib/python3.10/site-packages/ultralytics_ros/importClass/__pycache__/__init__.cpython-310.pyc
/home/ultralytics/vision-ws/src/ultralytics-ros/ultralytics_ros/install/ultralytics_ros/lib/python3.10/site-packages/ultralytics_ros/importClass/__pycache__/tf_transform.cpython-310.pyc
/home/ultralytics/vision-ws/src/ultralytics-ros/ultralytics_ros/install/ultralytics_ros/lib/python3.10/site-packages/ultralytics_ros/importClass/__pycache__/angle.cpython-310.pyc
/home/ultralytics/vision-ws/src/ultralytics-ros/ultralytics_ros/install/ultralytics_ros/share/ament_index/resource_index/packages/ultralytics_ros
/home/ultralytics/vision-ws/src/ultralytics-ros/ultralytics_ros/install/ultralytics_ros/share/ultralytics_ros/package.xml
/home/ultralytics/vision-ws/src/ultralytics-ros/ultralytics_ros/install/ultralytics_ros/share/ultralytics_ros/launch/yolo_launch.py
/home/ultralytics/vision-ws/src/ultralytics-ros/ultralytics_ros/install/ultralytics_ros/lib/python3.10/site-packages/ultralytics_ros-0.0.0-py3.10.egg-info/top_level.txt
/home/ultralytics/vision-ws/src/ultralytics-ros/ultralytics_ros/install/ultralytics_ros/lib/python3.10/site-packages/ultralytics_ros-0.0.0-py3.10.egg-info/dependency_links.txt
/home/ultralytics/vision-ws/src/ultralytics-ros/ultralytics_ros/install/ultralytics_ros/lib/python3.10/site-packages/ultralytics_ros-0.0.0-py3.10.egg-info/SOURCES.txt
/home/ultralytics/vision-ws/src/ultralytics-ros/ultralytics_ros/install/ultralytics_ros/lib/python3.10/site-packages/ultralytics_ros-0.0.0-py3.10.egg-info/PKG-INFO
/home/ultralytics/vision-ws/src/ultralytics-ros/ultralytics_ros/install/ultralytics_ros/lib/python3.10/site-packages/ultralytics_ros-0.0.0-py3.10.egg-info/entry_points.txt
/home/ultralytics/vision-ws/src/ultralytics-ros/ultralytics_ros/install/ultralytics_ros/lib/python3.10/site-packages/ultralytics_ros-0.0.0-py3.10.egg-info/requires.txt
/home/ultralytics/vision-ws/src/ultralytics-ros/ultralytics_ros/install/ultralytics_ros/lib/python3.10/site-packages/ultralytics_ros-0.0.0-py3.10.egg-info/zip-safe
/home/ultralytics/vision-ws/src/ultralytics-ros/ultralytics_ros/install/ultralytics_ros/lib/ultralytics_ros/detect_node
/home/ultralytics/vision-ws/src/ultralytics-ros/ultralytics_ros/install/ultralytics_ros/lib/ultralytics_ros/script
/home/ultralytics/vision-ws/src/ultralytics-ros/ultralytics_ros/install/ultralytics_ros/lib/ultralytics_ros/test_node
/home/ultralytics/vision-ws/src/ultralytics-ros/ultralytics_ros/install/ultralytics_ros/lib/ultralytics_ros/tf_node
/home/ultralytics/vision-ws/src/ultralytics-ros/ultralytics_ros/install/ultralytics_ros/lib/ultralytics_ros/yolo_all_node
/home/ultralytics/vision-ws/src/ultralytics-ros/ultralytics_ros/install/ultralytics_ros/lib/ultralytics_ros/yolo_multi_node
/home/ultralytics/vision-ws/src/ultralytics-ros/ultralytics_ros/install/ultralytics_ros/lib/ultralytics_ros/yolo_node
/home/ultralytics/vision-ws/src/ultralytics-ros/ultralytics_ros/install/ultralytics_ros/lib/ultralytics_ros/yolo_node_nopub
